---
source: tests/run.rs
expression: c_output
input_file: tests/programs/io/open2.hvm
---
Result: ((@IO/Done/tag (@IO/MAGIC (((1 (((2 (+2 x0)) x0) x1)) x1) x2))) x2)
