---
source: tests/run.rs
expression: rust_output
input_file: tests/programs/f24.hvm
---
Result: {+inf {-inf {+NaN {2.5000000e0 {-1.5000000e0 {1.1499939e0 {2.5000000e-1 {5.0000000e-1 {0 {1 {1 {0 {0 {0 {0 {+NaN {+inf {-inf {1.0199890e0 {1.0000610e-1 {1.0000610e-1 {-1.0000610e-1 {-1.0000610e-1 *}}}}}}}}}}}}}}}}}}}}}}}
