---
source: tests/run.rs
expression: rust_output
input_file: tests/programs/numeric-casts.hvm
---
Result: {0 {1234 {4321 {16771538 {2 {0 {16777215 {16777215 {0 {0 {+0 {+1234 {+4321 {-5678 {+2 {-12 {+8388607 {-8388608 {+8388607 {-8388608 {+0 {+NaN {+inf {-inf {2.1500244e0 {-2.1500244e0 {1.5000153e-1 {-1.2340000e3 {1.2340000e3 {1.2345600e5 {1.6775936e7 *}}}}}}}}}}}}}}}}}}}}}}}}}}}}}}}
